ARM GAS  C:\Users\khrip\AppData\Local\Temp\ccDIrkSi.s 			page 1


   1              		.cpu cortex-m3
   2              		.arch armv7-m
   3              		.fpu softvfp
   4              		.eabi_attribute 20, 1
   5              		.eabi_attribute 21, 1
   6              		.eabi_attribute 23, 3
   7              		.eabi_attribute 24, 1
   8              		.eabi_attribute 25, 1
   9              		.eabi_attribute 26, 1
  10              		.eabi_attribute 30, 1
  11              		.eabi_attribute 34, 1
  12              		.eabi_attribute 18, 4
  13              		.file	"main.c"
  14              		.text
  15              	.Ltext0:
  16              		.cfi_sections	.debug_frame
  17              		.file 1 "Core/Src/main.c"
  18              		.section	.text.main,"ax",%progbits
  19              		.align	1
  20              		.global	main
  21              		.syntax unified
  22              		.thumb
  23              		.thumb_func
  25              	main:
  26              	.LFB0:
   1:Core/Src/main.c **** int main(void){
  27              		.loc 1 1 15 view -0
  28              		.cfi_startproc
  29              		@ Volatile: function does not return.
  30              		@ args = 0, pretend = 0, frame = 0
  31              		@ frame_needed = 0, uses_anonymous_args = 0
  32              		@ link register save eliminated.
  33              	.L2:
   2:Core/Src/main.c ****     while(1);
  34              		.loc 1 2 5 view .LVU1
  35              		.loc 1 2 10 view .LVU2
  36 0000 FEE7     		b	.L2
  37              		.cfi_endproc
  38              	.LFE0:
  40              		.text
  41              	.Letext0:
ARM GAS  C:\Users\khrip\AppData\Local\Temp\ccDIrkSi.s 			page 2


DEFINED SYMBOLS
                            *ABS*:00000000 main.c
C:\Users\khrip\AppData\Local\Temp\ccDIrkSi.s:19     .text.main:00000000 $t
C:\Users\khrip\AppData\Local\Temp\ccDIrkSi.s:25     .text.main:00000000 main

NO UNDEFINED SYMBOLS
